
> react-kavia@0.1.0 start
> react-scripts start

(node:1023) [DEP_WEBPACK_DEV_SERVER_ON_AFTER_SETUP_MIDDLEWARE] DeprecationWarning: 'onAfterSetupMiddleware' option is deprecated. Please use the 'setupMiddlewares' option.
(Use `node --trace-deprecation ...` to show where the warning was created)
(node:1023) [DEP_WEBPACK_DEV_SERVER_ON_BEFORE_SETUP_MIDDLEWARE] DeprecationWarning: 'onBeforeSetupMiddleware' option is deprecated. Please use the 'setupMiddlewares' option.
Starting the development server...

Compiled successfully!

You can now view react-kavia in the browser.

  Local:            http://localhost:3000
  On Your Network:  http://172.17.0.2:3000

Note that the development build is not optimized.
To create a production build, use npm run build.

webpack compiled successfully
Compiling...
Failed to compile.

Module not found: Error: Can't resolve 'react-router-dom' in '/home/kavia/workspace/code-generation/youthsync-suite-27133-5a74e437/youthsync_suite/src'
ERROR in ./src/index.js 6:0-49
Module not found: Error: Can't resolve 'react-router-dom' in '/home/kavia/workspace/code-generation/youthsync-suite-27133-5a74e437/youthsync_suite/src'

webpack compiled with 1 error
Compiling...
Failed to compile.

Module not found: Error: Can't resolve 'react-router-dom' in '/home/kavia/workspace/code-generation/youthsync-suite-27133-5a74e437/youthsync_suite/src'
ERROR in ./src/index.js 6:0-49
Module not found: Error: Can't resolve 'react-router-dom' in '/home/kavia/workspace/code-generation/youthsync-suite-27133-5a74e437/youthsync_suite/src'

webpack compiled with 1 error
Compiling...
Failed to compile.

Module not found: Error: Can't resolve 'react-router-dom' in '/home/kavia/workspace/code-generation/youthsync-suite-27133-5a74e437/youthsync_suite/src'
ERROR in ./src/index.js 6:0-49
Module not found: Error: Can't resolve 'react-router-dom' in '/home/kavia/workspace/code-generation/youthsync-suite-27133-5a74e437/youthsync_suite/src'

webpack compiled with 1 error
Compiling...
Failed to compile.

Module not found: Error: Can't resolve 'react-router-dom' in '/home/kavia/workspace/code-generation/youthsync-suite-27133-5a74e437/youthsync_suite/src'
ERROR in ./src/App.js 6:0-62
Module not found: Error: Can't resolve 'react-router-dom' in '/home/kavia/workspace/code-generation/youthsync-suite-27133-5a74e437/youthsync_suite/src'

ERROR in ./src/App.js 7:0-41
Module not found: Error: Can't resolve './components/Navbar' in '/home/kavia/workspace/code-generation/youthsync-suite-27133-5a74e437/youthsync_suite/src'

ERROR in ./src/App.js 8:0-46
Module not found: Error: Can't resolve './pages/LandingPage' in '/home/kavia/workspace/code-generation/youthsync-suite-27133-5a74e437/youthsync_suite/src'

ERROR in ./src/App.js 9:0-52
Module not found: Error: Can't resolve './pages/GradeBoostPage' in '/home/kavia/workspace/code-generation/youthsync-suite-27133-5a74e437/youthsync_suite/src'

ERROR in ./src/App.js 10:0-50
Module not found: Error: Can't resolve './pages/SplitMatePage' in '/home/kavia/workspace/code-generation/youthsync-suite-27133-5a74e437/youthsync_suite/src'

ERROR in ./src/App.js 11:0-50
Module not found: Error: Can't resolve './pages/FocusFlowPage' in '/home/kavia/workspace/code-generation/youthsync-suite-27133-5a74e437/youthsync_suite/src'

ERROR in ./src/index.js 6:0-49
Module not found: Error: Can't resolve 'react-router-dom' in '/home/kavia/workspace/code-generation/youthsync-suite-27133-5a74e437/youthsync_suite/src'

webpack compiled with 7 errors
Compiling...
Failed to compile.

Module not found: Error: Can't resolve 'react-router-dom' in '/home/kavia/workspace/code-generation/youthsync-suite-27133-5a74e437/youthsync_suite/src'
ERROR in ./src/App.js 6:0-62
Module not found: Error: Can't resolve 'react-router-dom' in '/home/kavia/workspace/code-generation/youthsync-suite-27133-5a74e437/youthsync_suite/src'

ERROR in ./src/App.js 7:0-41
Module not found: Error: Can't resolve './components/Navbar' in '/home/kavia/workspace/code-generation/youthsync-suite-27133-5a74e437/youthsync_suite/src'

ERROR in ./src/App.js 8:0-46
Module not found: Error: Can't resolve './pages/LandingPage' in '/home/kavia/workspace/code-generation/youthsync-suite-27133-5a74e437/youthsync_suite/src'

ERROR in ./src/App.js 9:0-52
Module not found: Error: Can't resolve './pages/GradeBoostPage' in '/home/kavia/workspace/code-generation/youthsync-suite-27133-5a74e437/youthsync_suite/src'

ERROR in ./src/App.js 10:0-50
Module not found: Error: Can't resolve './pages/SplitMatePage' in '/home/kavia/workspace/code-generation/youthsync-suite-27133-5a74e437/youthsync_suite/src'

ERROR in ./src/App.js 11:0-50
Module not found: Error: Can't resolve './pages/FocusFlowPage' in '/home/kavia/workspace/code-generation/youthsync-suite-27133-5a74e437/youthsync_suite/src'

ERROR in ./src/index.js 6:0-49
Module not found: Error: Can't resolve 'react-router-dom' in '/home/kavia/workspace/code-generation/youthsync-suite-27133-5a74e437/youthsync_suite/src'

webpack compiled with 7 errors
Compiling...
Failed to compile.

Module not found: Error: Can't resolve 'react-router-dom' in '/home/kavia/workspace/code-generation/youthsync-suite-27133-5a74e437/youthsync_suite/src'
ERROR in ./src/index.js 6:0-49
Module not found: Error: Can't resolve 'react-router-dom' in '/home/kavia/workspace/code-generation/youthsync-suite-27133-5a74e437/youthsync_suite/src'

webpack compiled with 1 error
Compiling...
Failed to compile.

Module not found: Error: Can't resolve 'react-router-dom' in '/home/kavia/workspace/code-generation/youthsync-suite-27133-5a74e437/youthsync_suite/src'
ERROR in ./src/App.js 6:0-62
Module not found: Error: Can't resolve 'react-router-dom' in '/home/kavia/workspace/code-generation/youthsync-suite-27133-5a74e437/youthsync_suite/src'

ERROR in ./src/App.js 7:0-41
Module not found: Error: Can't resolve './components/Navbar' in '/home/kavia/workspace/code-generation/youthsync-suite-27133-5a74e437/youthsync_suite/src'

ERROR in ./src/App.js 8:0-46
Module not found: Error: Can't resolve './pages/LandingPage' in '/home/kavia/workspace/code-generation/youthsync-suite-27133-5a74e437/youthsync_suite/src'

ERROR in ./src/App.js 9:0-52
Module not found: Error: Can't resolve './pages/GradeBoostPage' in '/home/kavia/workspace/code-generation/youthsync-suite-27133-5a74e437/youthsync_suite/src'

ERROR in ./src/App.js 10:0-50
Module not found: Error: Can't resolve './pages/SplitMatePage' in '/home/kavia/workspace/code-generation/youthsync-suite-27133-5a74e437/youthsync_suite/src'

ERROR in ./src/App.js 11:0-50
Module not found: Error: Can't resolve './pages/FocusFlowPage' in '/home/kavia/workspace/code-generation/youthsync-suite-27133-5a74e437/youthsync_suite/src'

ERROR in ./src/index.js 6:0-49
Module not found: Error: Can't resolve 'react-router-dom' in '/home/kavia/workspace/code-generation/youthsync-suite-27133-5a74e437/youthsync_suite/src'

webpack compiled with 7 errors
Compiling...
Failed to compile.

Module not found: Error: Can't resolve 'react-router-dom' in '/home/kavia/workspace/code-generation/youthsync-suite-27133-5a74e437/youthsync_suite/src'
ERROR in ./src/App.js 6:0-62
Module not found: Error: Can't resolve 'react-router-dom' in '/home/kavia/workspace/code-generation/youthsync-suite-27133-5a74e437/youthsync_suite/src'

ERROR in ./src/App.js 8:0-46
Module not found: Error: Can't resolve './pages/LandingPage' in '/home/kavia/workspace/code-generation/youthsync-suite-27133-5a74e437/youthsync_suite/src'

ERROR in ./src/App.js 9:0-52
Module not found: Error: Can't resolve './pages/GradeBoostPage' in '/home/kavia/workspace/code-generation/youthsync-suite-27133-5a74e437/youthsync_suite/src'

ERROR in ./src/App.js 10:0-50
Module not found: Error: Can't resolve './pages/SplitMatePage' in '/home/kavia/workspace/code-generation/youthsync-suite-27133-5a74e437/youthsync_suite/src'

ERROR in ./src/App.js 11:0-50
Module not found: Error: Can't resolve './pages/FocusFlowPage' in '/home/kavia/workspace/code-generation/youthsync-suite-27133-5a74e437/youthsync_suite/src'

ERROR in ./src/components/Navbar.js 6:0-53
Module not found: Error: Can't resolve 'react-router-dom' in '/home/kavia/workspace/code-generation/youthsync-suite-27133-5a74e437/youthsync_suite/src/components'

ERROR in ./src/index.js 6:0-49
Module not found: Error: Can't resolve 'react-router-dom' in '/home/kavia/workspace/code-generation/youthsync-suite-27133-5a74e437/youthsync_suite/src'

webpack compiled with 7 errors
Compiling...
Failed to compile.

Module not found: Error: Can't resolve 'react-router-dom' in '/home/kavia/workspace/code-generation/youthsync-suite-27133-5a74e437/youthsync_suite/src'
ERROR in ./src/App.js 6:0-62
Module not found: Error: Can't resolve 'react-router-dom' in '/home/kavia/workspace/code-generation/youthsync-suite-27133-5a74e437/youthsync_suite/src'

ERROR in ./src/App.js 8:0-46
Module not found: Error: Can't resolve './pages/LandingPage' in '/home/kavia/workspace/code-generation/youthsync-suite-27133-5a74e437/youthsync_suite/src'

ERROR in ./src/App.js 9:0-52
Module not found: Error: Can't resolve './pages/GradeBoostPage' in '/home/kavia/workspace/code-generation/youthsync-suite-27133-5a74e437/youthsync_suite/src'

ERROR in ./src/App.js 10:0-50
Module not found: Error: Can't resolve './pages/SplitMatePage' in '/home/kavia/workspace/code-generation/youthsync-suite-27133-5a74e437/youthsync_suite/src'

ERROR in ./src/App.js 11:0-50
Module not found: Error: Can't resolve './pages/FocusFlowPage' in '/home/kavia/workspace/code-generation/youthsync-suite-27133-5a74e437/youthsync_suite/src'

ERROR in ./src/components/Navbar.js 6:0-53
Module not found: Error: Can't resolve 'react-router-dom' in '/home/kavia/workspace/code-generation/youthsync-suite-27133-5a74e437/youthsync_suite/src/components'

ERROR in ./src/index.js 6:0-49
Module not found: Error: Can't resolve 'react-router-dom' in '/home/kavia/workspace/code-generation/youthsync-suite-27133-5a74e437/youthsync_suite/src'

webpack compiled with 7 errors
Compiling...
Failed to compile.

Module not found: Error: Can't resolve 'react-router-dom' in '/home/kavia/workspace/code-generation/youthsync-suite-27133-5a74e437/youthsync_suite/src'
ERROR in ./src/App.js 6:0-62
Module not found: Error: Can't resolve 'react-router-dom' in '/home/kavia/workspace/code-generation/youthsync-suite-27133-5a74e437/youthsync_suite/src'

ERROR in ./src/App.js 9:0-52
Module not found: Error: Can't resolve './pages/GradeBoostPage' in '/home/kavia/workspace/code-generation/youthsync-suite-27133-5a74e437/youthsync_suite/src'

ERROR in ./src/App.js 10:0-50
Module not found: Error: Can't resolve './pages/SplitMatePage' in '/home/kavia/workspace/code-generation/youthsync-suite-27133-5a74e437/youthsync_suite/src'

ERROR in ./src/App.js 11:0-50
Module not found: Error: Can't resolve './pages/FocusFlowPage' in '/home/kavia/workspace/code-generation/youthsync-suite-27133-5a74e437/youthsync_suite/src'

ERROR in ./src/components/Navbar.js 6:0-53
Module not found: Error: Can't resolve 'react-router-dom' in '/home/kavia/workspace/code-generation/youthsync-suite-27133-5a74e437/youthsync_suite/src/components'

ERROR in ./src/index.js 6:0-49
Module not found: Error: Can't resolve 'react-router-dom' in '/home/kavia/workspace/code-generation/youthsync-suite-27133-5a74e437/youthsync_suite/src'

ERROR in ./src/pages/LandingPage.js 6:0-47
Module not found: Error: Can't resolve 'react-router-dom' in '/home/kavia/workspace/code-generation/youthsync-suite-27133-5a74e437/youthsync_suite/src/pages'

webpack compiled with 7 errors
Compiling...
Failed to compile.

Module not found: Error: Can't resolve 'react-router-dom' in '/home/kavia/workspace/code-generation/youthsync-suite-27133-5a74e437/youthsync_suite/src'
ERROR in ./src/App.js 6:0-62
Module not found: Error: Can't resolve 'react-router-dom' in '/home/kavia/workspace/code-generation/youthsync-suite-27133-5a74e437/youthsync_suite/src'

ERROR in ./src/App.js 9:0-52
Module not found: Error: Can't resolve './pages/GradeBoostPage' in '/home/kavia/workspace/code-generation/youthsync-suite-27133-5a74e437/youthsync_suite/src'

ERROR in ./src/App.js 10:0-50
Module not found: Error: Can't resolve './pages/SplitMatePage' in '/home/kavia/workspace/code-generation/youthsync-suite-27133-5a74e437/youthsync_suite/src'

ERROR in ./src/App.js 11:0-50
Module not found: Error: Can't resolve './pages/FocusFlowPage' in '/home/kavia/workspace/code-generation/youthsync-suite-27133-5a74e437/youthsync_suite/src'

ERROR in ./src/components/Navbar.js 6:0-53
Module not found: Error: Can't resolve 'react-router-dom' in '/home/kavia/workspace/code-generation/youthsync-suite-27133-5a74e437/youthsync_suite/src/components'

ERROR in ./src/index.js 6:0-49
Module not found: Error: Can't resolve 'react-router-dom' in '/home/kavia/workspace/code-generation/youthsync-suite-27133-5a74e437/youthsync_suite/src'

ERROR in ./src/pages/LandingPage.js 6:0-47
Module not found: Error: Can't resolve 'react-router-dom' in '/home/kavia/workspace/code-generation/youthsync-suite-27133-5a74e437/youthsync_suite/src/pages'

webpack compiled with 7 errors
